Lemmings 3.0

Number of cycles: 0
Lemmings in board: 4
Dead lemmings: 0
Lemmings exit door: 0 ┃2

      1    2    3    4    5    6    7    8    9   10  
   ┌——————————————————————————————————————————————————┐
  A┃                                               B  ┃A
  B┃                                        ▓▓▓▓▓▓▓▓▓▓┃B
  C┃                                                  ┃C
  D┃            B    B                                ┃D
  E┃          ▓▓▓▓▓▓▓▓▓▓▓▓▓▓▓                         ┃E
  F┃                     🚪            ▓▓▓▓▓          ┃F
  G┃                    ▓▓▓▓▓▓▓▓▓▓▓▓▓▓▓▓▓▓▓▓          ┃G
  H┃                                                  ┃H
  I┃  B                                     ▓▓▓▓▓     ┃I
  J┃▓▓▓▓▓▓▓▓▓▓                              ▓▓▓▓▓▓▓▓▓▓┃J
   └——————————————————————————————————————————————————┘
      1    2    3    4    5    6    7    8    9   10  

Command > [DEBUG] Executing: setRole Walker I 2 33

[ERROR] Error: Incorrect parameter number

Command > [DEBUG] Executing: setRole Patata I 2

[ERROR] Error: Invalid command parameters
[ERROR] Error: Unknown role: Patata

Command > [DEBUG] Executing: sEtROle Walker I 1

[ERROR] Error: No lemming in position (8,0) admits role Walker

Command > [DEBUG] Executing: sEtROle w I 1

[ERROR] Error: No lemming in position (8,0) admits role Walker

Command > [DEBUG] Executing: setRole Parachuter A 1

[ERROR] Error: No lemming in position (0,0) admits role Parachuter

Command > [DEBUG] Executing: setRole Parachuter A 100

[ERROR] Error: Command execute problem
[ERROR] Error: Position (0,99) is off board

Command > [DEBUG] Executing: setRole Parachu A 10

[ERROR] Error: Invalid command parameters
[ERROR] Error: Unknown role: Parachu

Command > [DEBUG] Executing: sEtROle doWnCaVer A 10

Number of cycles: 1
Lemmings in board: 4
Dead lemmings: 0
Lemmings exit door: 0 ┃2

      1    2    3    4    5    6    7    8    9   10  
   ┌——————————————————————————————————————————————————┐
  A┃                                                  ┃A
  B┃                                        ▓▓▓▓▓´･ω･`┃B
  C┃                                                  ┃C
  D┃                 B    B                           ┃D
  E┃          ▓▓▓▓▓▓▓▓▓▓▓▓▓▓▓                         ┃E
  F┃                     🚪            ▓▓▓▓▓          ┃F
  G┃                    ▓▓▓▓▓▓▓▓▓▓▓▓▓▓▓▓▓▓▓▓          ┃G
  H┃                                                  ┃H
  I┃       B                                ▓▓▓▓▓     ┃I
  J┃▓▓▓▓▓▓▓▓▓▓                              ▓▓▓▓▓▓▓▓▓▓┃J
   └——————————————————————————————————————————————————┘
      1    2    3    4    5    6    7    8    9   10  

Command > [DEBUG] Executing: setRole Parachuter B 10

Number of cycles: 2
Lemmings in board: 4
Dead lemmings: 0
Lemmings exit door: 0 ┃2

      1    2    3    4    5    6    7    8    9   10  
   ┌——————————————————————————————————————————————————┐
  A┃                                                  ┃A
  B┃                                        ▓▓▓▓▓     ┃B
  C┃                                              🪂  ┃C
  D┃                      B    B                      ┃D
  E┃          ▓▓▓▓▓▓▓▓▓▓▓▓▓▓▓                         ┃E
  F┃                     🚪            ▓▓▓▓▓          ┃F
  G┃                    ▓▓▓▓▓▓▓▓▓▓▓▓▓▓▓▓▓▓▓▓          ┃G
  H┃                                                  ┃H
  I┃            B                           ▓▓▓▓▓     ┃I
  J┃▓▓▓▓▓▓▓▓▓▓                              ▓▓▓▓▓▓▓▓▓▓┃J
   └——————————————————————————————————————————————————┘
      1    2    3    4    5    6    7    8    9   10  

Command > [DEBUG] Executing: setRole Parachuter C 10

[ERROR] Error: No lemming in position (2,9) admits role Parachuter

Command > [DEBUG] Executing: sr walKEr C 10

Number of cycles: 3
Lemmings in board: 4
Dead lemmings: 0
Lemmings exit door: 0 ┃2

      1    2    3    4    5    6    7    8    9   10  
   ┌——————————————————————————————————————————————————┐
  A┃                                                  ┃A
  B┃                                        ▓▓▓▓▓     ┃B
  C┃                                                  ┃C
  D┃                           B                   B  ┃D
  E┃          ▓▓▓▓▓▓▓▓▓▓▓▓▓▓▓  B                      ┃E
  F┃                     🚪            ▓▓▓▓▓          ┃F
  G┃                    ▓▓▓▓▓▓▓▓▓▓▓▓▓▓▓▓▓▓▓▓          ┃G
  H┃                                                  ┃H
  I┃                                        ▓▓▓▓▓     ┃I
  J┃▓▓▓▓▓▓▓▓▓▓  B                           ▓▓▓▓▓▓▓▓▓▓┃J
   └——————————————————————————————————————————————————┘
      1    2    3    4    5    6    7    8    9   10  

Command > [DEBUG] Executing: setRole Parachuter D 10

Number of cycles: 4
Lemmings in board: 3
Dead lemmings: 1
Lemmings exit door: 0 ┃2

      1    2    3    4    5    6    7    8    9   10  
   ┌——————————————————————————————————————————————————┐
  A┃                                                  ┃A
  B┃                                        ▓▓▓▓▓     ┃B
  C┃                                                  ┃C
  D┃                                                  ┃D
  E┃          ▓▓▓▓▓▓▓▓▓▓▓▓▓▓▓  B                  🪂  ┃E
  F┃                     🚪    B       ▓▓▓▓▓          ┃F
  G┃                    ▓▓▓▓▓▓▓▓▓▓▓▓▓▓▓▓▓▓▓▓          ┃G
  H┃                                                  ┃H
  I┃                                        ▓▓▓▓▓     ┃I
  J┃▓▓▓▓▓▓▓▓▓▓                              ▓▓▓▓▓▓▓▓▓▓┃J
   └——————————————————————————————————————————————————┘
      1    2    3    4    5    6    7    8    9   10  

Command > [DEBUG] Executing: none

Number of cycles: 5
Lemmings in board: 3
Dead lemmings: 1
Lemmings exit door: 0 ┃2

      1    2    3    4    5    6    7    8    9   10  
   ┌——————————————————————————————————————————————————┐
  A┃                                                  ┃A
  B┃                                        ▓▓▓▓▓     ┃B
  C┃                                                  ┃C
  D┃                                                  ┃D
  E┃          ▓▓▓▓▓▓▓▓▓▓▓▓▓▓▓                         ┃E
  F┃                     🚪    B    B  ▓▓▓▓▓      🪂  ┃F
  G┃                    ▓▓▓▓▓▓▓▓▓▓▓▓▓▓▓▓▓▓▓▓          ┃G
  H┃                                                  ┃H
  I┃                                        ▓▓▓▓▓     ┃I
  J┃▓▓▓▓▓▓▓▓▓▓                              ▓▓▓▓▓▓▓▓▓▓┃J
   └——————————————————————————————————————————————————┘
      1    2    3    4    5    6    7    8    9   10  

Command > [DEBUG] Executing: n

Number of cycles: 6
Lemmings in board: 3
Dead lemmings: 1
Lemmings exit door: 0 ┃2

      1    2    3    4    5    6    7    8    9   10  
   ┌——————————————————————————————————————————————————┐
  A┃                                                  ┃A
  B┃                                        ▓▓▓▓▓     ┃B
  C┃                                                  ┃C
  D┃                                                  ┃D
  E┃          ▓▓▓▓▓▓▓▓▓▓▓▓▓▓▓                         ┃E
  F┃                     🚪        Bᗺ  ▓▓▓▓▓          ┃F
  G┃                    ▓▓▓▓▓▓▓▓▓▓▓▓▓▓▓▓▓▓▓▓      🪂  ┃G
  H┃                                                  ┃H
  I┃                                        ▓▓▓▓▓     ┃I
  J┃▓▓▓▓▓▓▓▓▓▓                              ▓▓▓▓▓▓▓▓▓▓┃J
   └——————————————————————————————————————————————————┘
      1    2    3    4    5    6    7    8    9   10  

Command > [DEBUG] Executing: noNe

Number of cycles: 7
Lemmings in board: 3
Dead lemmings: 1
Lemmings exit door: 0 ┃2

      1    2    3    4    5    6    7    8    9   10  
   ┌——————————————————————————————————————————————————┐
  A┃                                                  ┃A
  B┃                                        ▓▓▓▓▓     ┃B
  C┃                                                  ┃C
  D┃                                                  ┃D
  E┃          ▓▓▓▓▓▓▓▓▓▓▓▓▓▓▓                         ┃E
  F┃                     🚪    ᗺ    ᗺ  ▓▓▓▓▓          ┃F
  G┃                    ▓▓▓▓▓▓▓▓▓▓▓▓▓▓▓▓▓▓▓▓          ┃G
  H┃                                              🪂  ┃H
  I┃                                        ▓▓▓▓▓     ┃I
  J┃▓▓▓▓▓▓▓▓▓▓                              ▓▓▓▓▓▓▓▓▓▓┃J
   └——————————————————————————————————————————————————┘
      1    2    3    4    5    6    7    8    9   10  

Command > [DEBUG] Executing: nonE

Number of cycles: 8
Lemmings in board: 3
Dead lemmings: 1
Lemmings exit door: 0 ┃2

      1    2    3    4    5    6    7    8    9   10  
   ┌——————————————————————————————————————————————————┐
  A┃                                                  ┃A
  B┃                                        ▓▓▓▓▓     ┃B
  C┃                                                  ┃C
  D┃                                                  ┃D
  E┃          ▓▓▓▓▓▓▓▓▓▓▓▓▓▓▓                         ┃E
  F┃                     🚪ᗺ   ᗺ       ▓▓▓▓▓          ┃F
  G┃                    ▓▓▓▓▓▓▓▓▓▓▓▓▓▓▓▓▓▓▓▓          ┃G
  H┃                                                  ┃H
  I┃                                        ▓▓▓▓▓ 🪂  ┃I
  J┃▓▓▓▓▓▓▓▓▓▓                              ▓▓▓▓▓▓▓▓▓▓┃J
   └——————————————————————————————————————————————————┘
      1    2    3    4    5    6    7    8    9   10  

Command > [DEBUG] Executing: None

Number of cycles: 9
Lemmings in board: 2
Dead lemmings: 1
Lemmings exit door: 1 ┃2

      1    2    3    4    5    6    7    8    9   10  
   ┌——————————————————————————————————————————————————┐
  A┃                                                  ┃A
  B┃                                        ▓▓▓▓▓     ┃B
  C┃                                                  ┃C
  D┃                                                  ┃D
  E┃          ▓▓▓▓▓▓▓▓▓▓▓▓▓▓▓                         ┃E
  F┃                     ᗺ🚪           ▓▓▓▓▓          ┃F
  G┃                    ▓▓▓▓▓▓▓▓▓▓▓▓▓▓▓▓▓▓▓▓          ┃G
  H┃                                                  ┃H
  I┃                                        ▓▓▓▓▓  ᗺ  ┃I
  J┃▓▓▓▓▓▓▓▓▓▓                              ▓▓▓▓▓▓▓▓▓▓┃J
   └——————————————————————————————————————————————————┘
      1    2    3    4    5    6    7    8    9   10  

Command > [DEBUG] Executing: N

Number of cycles: 10
Lemmings in board: 1
Dead lemmings: 1
Lemmings exit door: 2 ┃2

      1    2    3    4    5    6    7    8    9   10  
   ┌——————————————————————————————————————————————————┐
  A┃                                                  ┃A
  B┃                                        ▓▓▓▓▓     ┃B
  C┃                                                  ┃C
  D┃                                                  ┃D
  E┃          ▓▓▓▓▓▓▓▓▓▓▓▓▓▓▓                         ┃E
  F┃                     🚪            ▓▓▓▓▓          ┃F
  G┃                    ▓▓▓▓▓▓▓▓▓▓▓▓▓▓▓▓▓▓▓▓          ┃G
  H┃                                                  ┃H
  I┃                                        ▓▓▓▓▓  B  ┃I
  J┃▓▓▓▓▓▓▓▓▓▓                              ▓▓▓▓▓▓▓▓▓▓┃J
   └——————————————————————————————————————————————————┘
      1    2    3    4    5    6    7    8    9   10  

Command > [DEBUG] Executing: exit

Player leaves the game
