Lemmings 3.0

Number of cycles: 0
Lemmings in board: 4
Dead lemmings: 0
Lemmings exit door: 0 ┃2

      1    2    3    4    5    6    7    8    9   10  
   ┌——————————————————————————————————————————————————┐
  A┃                                               B  ┃A
  B┃                                        ▓▓▓▓▓▓▓▓▓▓┃B
  C┃                                                  ┃C
  D┃            B    B                                ┃D
  E┃          ▓▓▓▓▓▓▓▓▓▓▓▓▓▓▓                         ┃E
  F┃                     🚪            ▓▓▓▓▓          ┃F
  G┃                    ▓▓▓▓▓▓▓▓▓▓▓▓▓▓▓▓▓▓▓▓          ┃G
  H┃                                                  ┃H
  I┃  B                                     ▓▓▓▓▓     ┃I
  J┃▓▓▓▓▓▓▓▓▓▓                              ▓▓▓▓▓▓▓▓▓▓┃J
   └——————————————————————————————————————————————————┘
      1    2    3    4    5    6    7    8    9   10  

Command > [DEBUG] Executing: setRole Parachuter A 10

Number of cycles: 1
Lemmings in board: 4
Dead lemmings: 0
Lemmings exit door: 0 ┃2

      1    2    3    4    5    6    7    8    9   10  
   ┌——————————————————————————————————————————————————┐
  A┃                                               ᗺ  ┃A
  B┃                                        ▓▓▓▓▓▓▓▓▓▓┃B
  C┃                                                  ┃C
  D┃                 B    B                           ┃D
  E┃          ▓▓▓▓▓▓▓▓▓▓▓▓▓▓▓                         ┃E
  F┃                     🚪            ▓▓▓▓▓          ┃F
  G┃                    ▓▓▓▓▓▓▓▓▓▓▓▓▓▓▓▓▓▓▓▓          ┃G
  H┃                                                  ┃H
  I┃       B                                ▓▓▓▓▓     ┃I
  J┃▓▓▓▓▓▓▓▓▓▓                              ▓▓▓▓▓▓▓▓▓▓┃J
   └——————————————————————————————————————————————————┘
      1    2    3    4    5    6    7    8    9   10  

Command > [DEBUG] Executing: setRole Parachuter A 10

Number of cycles: 2
Lemmings in board: 4
Dead lemmings: 0
Lemmings exit door: 0 ┃2

      1    2    3    4    5    6    7    8    9   10  
   ┌——————————————————————————————————————————————————┐
  A┃                                          ᗺ       ┃A
  B┃                                        ▓▓▓▓▓▓▓▓▓▓┃B
  C┃                                                  ┃C
  D┃                      B    B                      ┃D
  E┃          ▓▓▓▓▓▓▓▓▓▓▓▓▓▓▓                         ┃E
  F┃                     🚪            ▓▓▓▓▓          ┃F
  G┃                    ▓▓▓▓▓▓▓▓▓▓▓▓▓▓▓▓▓▓▓▓          ┃G
  H┃                                                  ┃H
  I┃            B                           ▓▓▓▓▓     ┃I
  J┃▓▓▓▓▓▓▓▓▓▓                              ▓▓▓▓▓▓▓▓▓▓┃J
   └——————————————————————————————————————————————————┘
      1    2    3    4    5    6    7    8    9   10  

Command > [DEBUG] Executing: none

Number of cycles: 3
Lemmings in board: 4
Dead lemmings: 0
Lemmings exit door: 0 ┃2

      1    2    3    4    5    6    7    8    9   10  
   ┌——————————————————————————————————————————————————┐
  A┃                                     ᗺ            ┃A
  B┃                                        ▓▓▓▓▓▓▓▓▓▓┃B
  C┃                                                  ┃C
  D┃                           B                      ┃D
  E┃          ▓▓▓▓▓▓▓▓▓▓▓▓▓▓▓  B                      ┃E
  F┃                     🚪            ▓▓▓▓▓          ┃F
  G┃                    ▓▓▓▓▓▓▓▓▓▓▓▓▓▓▓▓▓▓▓▓          ┃G
  H┃                                                  ┃H
  I┃                                        ▓▓▓▓▓     ┃I
  J┃▓▓▓▓▓▓▓▓▓▓  B                           ▓▓▓▓▓▓▓▓▓▓┃J
   └——————————————————————————————————————————————————┘
      1    2    3    4    5    6    7    8    9   10  

Command > [DEBUG] Executing: setRole Parachuter A 8

Number of cycles: 4
Lemmings in board: 3
Dead lemmings: 1
Lemmings exit door: 0 ┃2

      1    2    3    4    5    6    7    8    9   10  
   ┌——————————————————————————————————————————————————┐
  A┃                                                  ┃A
  B┃                                    🪂  ▓▓▓▓▓▓▓▓▓▓┃B
  C┃                                                  ┃C
  D┃                                                  ┃D
  E┃          ▓▓▓▓▓▓▓▓▓▓▓▓▓▓▓  B                      ┃E
  F┃                     🚪    B       ▓▓▓▓▓          ┃F
  G┃                    ▓▓▓▓▓▓▓▓▓▓▓▓▓▓▓▓▓▓▓▓          ┃G
  H┃                                                  ┃H
  I┃                                        ▓▓▓▓▓     ┃I
  J┃▓▓▓▓▓▓▓▓▓▓                              ▓▓▓▓▓▓▓▓▓▓┃J
   └——————————————————————————————————————————————————┘
      1    2    3    4    5    6    7    8    9   10  

Command > [DEBUG] Executing: setRole Walker B 8

Number of cycles: 5
Lemmings in board: 3
Dead lemmings: 1
Lemmings exit door: 0 ┃2

      1    2    3    4    5    6    7    8    9   10  
   ┌——————————————————————————————————————————————————┐
  A┃                                                  ┃A
  B┃                                        ▓▓▓▓▓▓▓▓▓▓┃B
  C┃                                     ᗺ            ┃C
  D┃                                                  ┃D
  E┃          ▓▓▓▓▓▓▓▓▓▓▓▓▓▓▓                         ┃E
  F┃                     🚪    B    B  ▓▓▓▓▓          ┃F
  G┃                    ▓▓▓▓▓▓▓▓▓▓▓▓▓▓▓▓▓▓▓▓          ┃G
  H┃                                                  ┃H
  I┃                                        ▓▓▓▓▓     ┃I
  J┃▓▓▓▓▓▓▓▓▓▓                              ▓▓▓▓▓▓▓▓▓▓┃J
   └——————————————————————————————————————————————————┘
      1    2    3    4    5    6    7    8    9   10  

Command > [DEBUG] Executing: none

Number of cycles: 6
Lemmings in board: 3
Dead lemmings: 1
Lemmings exit door: 0 ┃2

      1    2    3    4    5    6    7    8    9   10  
   ┌——————————————————————————————————————————————————┐
  A┃                                                  ┃A
  B┃                                        ▓▓▓▓▓▓▓▓▓▓┃B
  C┃                                                  ┃C
  D┃                                     ᗺ            ┃D
  E┃          ▓▓▓▓▓▓▓▓▓▓▓▓▓▓▓                         ┃E
  F┃                     🚪        Bᗺ  ▓▓▓▓▓          ┃F
  G┃                    ▓▓▓▓▓▓▓▓▓▓▓▓▓▓▓▓▓▓▓▓          ┃G
  H┃                                                  ┃H
  I┃                                        ▓▓▓▓▓     ┃I
  J┃▓▓▓▓▓▓▓▓▓▓                              ▓▓▓▓▓▓▓▓▓▓┃J
   └——————————————————————————————————————————————————┘
      1    2    3    4    5    6    7    8    9   10  

Command > [DEBUG] Executing: 

Number of cycles: 7
Lemmings in board: 3
Dead lemmings: 1
Lemmings exit door: 0 ┃2

      1    2    3    4    5    6    7    8    9   10  
   ┌——————————————————————————————————————————————————┐
  A┃                                                  ┃A
  B┃                                        ▓▓▓▓▓▓▓▓▓▓┃B
  C┃                                                  ┃C
  D┃                                                  ┃D
  E┃          ▓▓▓▓▓▓▓▓▓▓▓▓▓▓▓            ᗺ            ┃E
  F┃                     🚪    ᗺ    ᗺ  ▓▓▓▓▓          ┃F
  G┃                    ▓▓▓▓▓▓▓▓▓▓▓▓▓▓▓▓▓▓▓▓          ┃G
  H┃                                                  ┃H
  I┃                                        ▓▓▓▓▓     ┃I
  J┃▓▓▓▓▓▓▓▓▓▓                              ▓▓▓▓▓▓▓▓▓▓┃J
   └——————————————————————————————————————————————————┘
      1    2    3    4    5    6    7    8    9   10  

Command > [DEBUG] Executing: n

Number of cycles: 8
Lemmings in board: 2
Dead lemmings: 2
Lemmings exit door: 0 ┃2

      1    2    3    4    5    6    7    8    9   10  
   ┌——————————————————————————————————————————————————┐
  A┃                                                  ┃A
  B┃                                        ▓▓▓▓▓▓▓▓▓▓┃B
  C┃                                                  ┃C
  D┃                                                  ┃D
  E┃          ▓▓▓▓▓▓▓▓▓▓▓▓▓▓▓                         ┃E
  F┃                     🚪ᗺ   ᗺ       ▓▓▓▓▓          ┃F
  G┃                    ▓▓▓▓▓▓▓▓▓▓▓▓▓▓▓▓▓▓▓▓          ┃G
  H┃                                                  ┃H
  I┃                                        ▓▓▓▓▓     ┃I
  J┃▓▓▓▓▓▓▓▓▓▓                              ▓▓▓▓▓▓▓▓▓▓┃J
   └——————————————————————————————————————————————————┘
      1    2    3    4    5    6    7    8    9   10  

Command > [DEBUG] Executing: setRole DownCaver F 6

Number of cycles: 9
Lemmings in board: 1
Dead lemmings: 2
Lemmings exit door: 1 ┃2

      1    2    3    4    5    6    7    8    9   10  
   ┌——————————————————————————————————————————————————┐
  A┃                                                  ┃A
  B┃                                        ▓▓▓▓▓▓▓▓▓▓┃B
  C┃                                                  ┃C
  D┃                                                  ┃D
  E┃          ▓▓▓▓▓▓▓▓▓▓▓▓▓▓▓                         ┃E
  F┃                     🚪            ▓▓▓▓▓          ┃F
  G┃                    ▓▓▓▓▓´･ω･`▓▓▓▓▓▓▓▓▓▓          ┃G
  H┃                                                  ┃H
  I┃                                        ▓▓▓▓▓     ┃I
  J┃▓▓▓▓▓▓▓▓▓▓                              ▓▓▓▓▓▓▓▓▓▓┃J
   └——————————————————————————————————————————————————┘
      1    2    3    4    5    6    7    8    9   10  

Command > [DEBUG] Executing: none

Number of cycles: 10
Lemmings in board: 1
Dead lemmings: 2
Lemmings exit door: 1 ┃2

      1    2    3    4    5    6    7    8    9   10  
   ┌——————————————————————————————————————————————————┐
  A┃                                                  ┃A
  B┃                                        ▓▓▓▓▓▓▓▓▓▓┃B
  C┃                                                  ┃C
  D┃                                                  ┃D
  E┃          ▓▓▓▓▓▓▓▓▓▓▓▓▓▓▓                         ┃E
  F┃                     🚪            ▓▓▓▓▓          ┃F
  G┃                    ▓▓▓▓▓     ▓▓▓▓▓▓▓▓▓▓          ┃G
  H┃                           ᗺ                      ┃H
  I┃                                        ▓▓▓▓▓     ┃I
  J┃▓▓▓▓▓▓▓▓▓▓                              ▓▓▓▓▓▓▓▓▓▓┃J
   └——————————————————————————————————————————————————┘
      1    2    3    4    5    6    7    8    9   10  

Command > [DEBUG] Executing: n

Number of cycles: 11
Lemmings in board: 1
Dead lemmings: 2
Lemmings exit door: 1 ┃2

      1    2    3    4    5    6    7    8    9   10  
   ┌——————————————————————————————————————————————————┐
  A┃                                                  ┃A
  B┃                                        ▓▓▓▓▓▓▓▓▓▓┃B
  C┃                                                  ┃C
  D┃                                                  ┃D
  E┃          ▓▓▓▓▓▓▓▓▓▓▓▓▓▓▓                         ┃E
  F┃                     🚪            ▓▓▓▓▓          ┃F
  G┃                    ▓▓▓▓▓     ▓▓▓▓▓▓▓▓▓▓          ┃G
  H┃                                                  ┃H
  I┃                           ᗺ            ▓▓▓▓▓     ┃I
  J┃▓▓▓▓▓▓▓▓▓▓                              ▓▓▓▓▓▓▓▓▓▓┃J
   └——————————————————————————————————————————————————┘
      1    2    3    4    5    6    7    8    9   10  

Command > [DEBUG] Executing: reset

Number of cycles: 0
Lemmings in board: 4
Dead lemmings: 0
Lemmings exit door: 0 ┃2

      1    2    3    4    5    6    7    8    9   10  
   ┌——————————————————————————————————————————————————┐
  A┃                                               B  ┃A
  B┃                                        ▓▓▓▓▓▓▓▓▓▓┃B
  C┃                                                  ┃C
  D┃            B    B                                ┃D
  E┃          ▓▓▓▓▓▓▓▓▓▓▓▓▓▓▓                         ┃E
  F┃                     🚪            ▓▓▓▓▓          ┃F
  G┃                    ▓▓▓▓▓▓▓▓▓▓▓▓▓▓▓▓▓▓▓▓          ┃G
  H┃                                                  ┃H
  I┃  B                                     ▓▓▓▓▓     ┃I
  J┃▓▓▓▓▓▓▓▓▓▓                              ▓▓▓▓▓▓▓▓▓▓┃J
   └——————————————————————————————————————————————————┘
      1    2    3    4    5    6    7    8    9   10  

Command > [DEBUG] Executing: none

Number of cycles: 1
Lemmings in board: 4
Dead lemmings: 0
Lemmings exit door: 0 ┃2

      1    2    3    4    5    6    7    8    9   10  
   ┌——————————————————————————————————————————————————┐
  A┃                                               ᗺ  ┃A
  B┃                                        ▓▓▓▓▓▓▓▓▓▓┃B
  C┃                                                  ┃C
  D┃                 B    B                           ┃D
  E┃          ▓▓▓▓▓▓▓▓▓▓▓▓▓▓▓                         ┃E
  F┃                     🚪            ▓▓▓▓▓          ┃F
  G┃                    ▓▓▓▓▓▓▓▓▓▓▓▓▓▓▓▓▓▓▓▓          ┃G
  H┃                                                  ┃H
  I┃       B                                ▓▓▓▓▓     ┃I
  J┃▓▓▓▓▓▓▓▓▓▓                              ▓▓▓▓▓▓▓▓▓▓┃J
   └——————————————————————————————————————————————————┘
      1    2    3    4    5    6    7    8    9   10  

Command > [DEBUG] Executing: n

Number of cycles: 2
Lemmings in board: 4
Dead lemmings: 0
Lemmings exit door: 0 ┃2

      1    2    3    4    5    6    7    8    9   10  
   ┌——————————————————————————————————————————————————┐
  A┃                                          ᗺ       ┃A
  B┃                                        ▓▓▓▓▓▓▓▓▓▓┃B
  C┃                                                  ┃C
  D┃                      B    B                      ┃D
  E┃          ▓▓▓▓▓▓▓▓▓▓▓▓▓▓▓                         ┃E
  F┃                     🚪            ▓▓▓▓▓          ┃F
  G┃                    ▓▓▓▓▓▓▓▓▓▓▓▓▓▓▓▓▓▓▓▓          ┃G
  H┃                                                  ┃H
  I┃            B                           ▓▓▓▓▓     ┃I
  J┃▓▓▓▓▓▓▓▓▓▓                              ▓▓▓▓▓▓▓▓▓▓┃J
   └——————————————————————————————————————————————————┘
      1    2    3    4    5    6    7    8    9   10  

Command > [DEBUG] Executing: setRole DownCaver D 5

Number of cycles: 3
Lemmings in board: 4
Dead lemmings: 0
Lemmings exit door: 0 ┃2

      1    2    3    4    5    6    7    8    9   10  
   ┌——————————————————————————————————————————————————┐
  A┃                                     ᗺ            ┃A
  B┃                                        ▓▓▓▓▓▓▓▓▓▓┃B
  C┃                                                  ┃C
  D┃                                                  ┃D
  E┃          ▓▓▓▓▓▓▓▓▓▓´･ω･`  B                      ┃E
  F┃                     🚪            ▓▓▓▓▓          ┃F
  G┃                    ▓▓▓▓▓▓▓▓▓▓▓▓▓▓▓▓▓▓▓▓          ┃G
  H┃                                                  ┃H
  I┃                                        ▓▓▓▓▓     ┃I
  J┃▓▓▓▓▓▓▓▓▓▓  B                           ▓▓▓▓▓▓▓▓▓▓┃J
   └——————————————————————————————————————————————————┘
      1    2    3    4    5    6    7    8    9   10  

Command > [DEBUG] Executing: 

Number of cycles: 4
Lemmings in board: 3
Dead lemmings: 1
Lemmings exit door: 0 ┃2

      1    2    3    4    5    6    7    8    9   10  
   ┌——————————————————————————————————————————————————┐
  A┃                                                  ┃A
  B┃                                     ᗺ  ▓▓▓▓▓▓▓▓▓▓┃B
  C┃                                                  ┃C
  D┃                                                  ┃D
  E┃          ▓▓▓▓▓▓▓▓▓▓                              ┃E
  F┃                     B🚪   B       ▓▓▓▓▓          ┃F
  G┃                    ▓▓▓▓▓▓▓▓▓▓▓▓▓▓▓▓▓▓▓▓          ┃G
  H┃                                                  ┃H
  I┃                                        ▓▓▓▓▓     ┃I
  J┃▓▓▓▓▓▓▓▓▓▓                              ▓▓▓▓▓▓▓▓▓▓┃J
   └——————————————————————————————————————————————————┘
      1    2    3    4    5    6    7    8    9   10  

Command > [DEBUG] Executing: none

Number of cycles: 5
Lemmings in board: 2
Dead lemmings: 1
Lemmings exit door: 1 ┃2

      1    2    3    4    5    6    7    8    9   10  
   ┌——————————————————————————————————————————————————┐
  A┃                                                  ┃A
  B┃                                        ▓▓▓▓▓▓▓▓▓▓┃B
  C┃                                     ᗺ            ┃C
  D┃                                                  ┃D
  E┃          ▓▓▓▓▓▓▓▓▓▓                              ┃E
  F┃                     🚪         B  ▓▓▓▓▓          ┃F
  G┃                    ▓▓▓▓▓▓▓▓▓▓▓▓▓▓▓▓▓▓▓▓          ┃G
  H┃                                                  ┃H
  I┃                                        ▓▓▓▓▓     ┃I
  J┃▓▓▓▓▓▓▓▓▓▓                              ▓▓▓▓▓▓▓▓▓▓┃J
   └——————————————————————————————————————————————————┘
      1    2    3    4    5    6    7    8    9   10  

Command > [DEBUG] Executing: n

Number of cycles: 6
Lemmings in board: 2
Dead lemmings: 1
Lemmings exit door: 1 ┃2

      1    2    3    4    5    6    7    8    9   10  
   ┌——————————————————————————————————————————————————┐
  A┃                                                  ┃A
  B┃                                        ▓▓▓▓▓▓▓▓▓▓┃B
  C┃                                                  ┃C
  D┃                                     ᗺ            ┃D
  E┃          ▓▓▓▓▓▓▓▓▓▓                              ┃E
  F┃                     🚪         ᗺ  ▓▓▓▓▓          ┃F
  G┃                    ▓▓▓▓▓▓▓▓▓▓▓▓▓▓▓▓▓▓▓▓          ┃G
  H┃                                                  ┃H
  I┃                                        ▓▓▓▓▓     ┃I
  J┃▓▓▓▓▓▓▓▓▓▓                              ▓▓▓▓▓▓▓▓▓▓┃J
   └——————————————————————————————————————————————————┘
      1    2    3    4    5    6    7    8    9   10  

Command > [DEBUG] Executing: setRole Parachuter D 8

Number of cycles: 7
Lemmings in board: 2
Dead lemmings: 1
Lemmings exit door: 1 ┃2

      1    2    3    4    5    6    7    8    9   10  
   ┌——————————————————————————————————————————————————┐
  A┃                                                  ┃A
  B┃                                        ▓▓▓▓▓▓▓▓▓▓┃B
  C┃                                                  ┃C
  D┃                                                  ┃D
  E┃          ▓▓▓▓▓▓▓▓▓▓                🪂            ┃E
  F┃                     🚪    ᗺ       ▓▓▓▓▓          ┃F
  G┃                    ▓▓▓▓▓▓▓▓▓▓▓▓▓▓▓▓▓▓▓▓          ┃G
  H┃                                                  ┃H
  I┃                                        ▓▓▓▓▓     ┃I
  J┃▓▓▓▓▓▓▓▓▓▓                              ▓▓▓▓▓▓▓▓▓▓┃J
   └——————————————————————————————————————————————————┘
      1    2    3    4    5    6    7    8    9   10  

Command > [DEBUG] Executing: noNe

Number of cycles: 8
Lemmings in board: 2
Dead lemmings: 1
Lemmings exit door: 1 ┃2

      1    2    3    4    5    6    7    8    9   10  
   ┌——————————————————————————————————————————————————┐
  A┃                                                  ┃A
  B┃                                        ▓▓▓▓▓▓▓▓▓▓┃B
  C┃                                                  ┃C
  D┃                                                  ┃D
  E┃          ▓▓▓▓▓▓▓▓▓▓            ᗺ                 ┃E
  F┃                     🚪ᗺ           ▓▓▓▓▓          ┃F
  G┃                    ▓▓▓▓▓▓▓▓▓▓▓▓▓▓▓▓▓▓▓▓          ┃G
  H┃                                                  ┃H
  I┃                                        ▓▓▓▓▓     ┃I
  J┃▓▓▓▓▓▓▓▓▓▓                              ▓▓▓▓▓▓▓▓▓▓┃J
   └——————————————————————————————————————————————————┘
      1    2    3    4    5    6    7    8    9   10  

Command > [DEBUG] Executing: none

Number of cycles: 9
Lemmings in board: 1
Dead lemmings: 1
Lemmings exit door: 2 ┃2

      1    2    3    4    5    6    7    8    9   10  
   ┌——————————————————————————————————————————————————┐
  A┃                                                  ┃A
  B┃                                        ▓▓▓▓▓▓▓▓▓▓┃B
  C┃                                                  ┃C
  D┃                                                  ┃D
  E┃          ▓▓▓▓▓▓▓▓▓▓                              ┃E
  F┃                     🚪         ᗺ  ▓▓▓▓▓          ┃F
  G┃                    ▓▓▓▓▓▓▓▓▓▓▓▓▓▓▓▓▓▓▓▓          ┃G
  H┃                                                  ┃H
  I┃                                        ▓▓▓▓▓     ┃I
  J┃▓▓▓▓▓▓▓▓▓▓                              ▓▓▓▓▓▓▓▓▓▓┃J
   └——————————————————————————————————————————————————┘
      1    2    3    4    5    6    7    8    9   10  

Command > [DEBUG] Executing: n

Number of cycles: 10
Lemmings in board: 1
Dead lemmings: 1
Lemmings exit door: 2 ┃2

      1    2    3    4    5    6    7    8    9   10  
   ┌——————————————————————————————————————————————————┐
  A┃                                                  ┃A
  B┃                                        ▓▓▓▓▓▓▓▓▓▓┃B
  C┃                                                  ┃C
  D┃                                                  ┃D
  E┃          ▓▓▓▓▓▓▓▓▓▓                              ┃E
  F┃                     🚪    ᗺ       ▓▓▓▓▓          ┃F
  G┃                    ▓▓▓▓▓▓▓▓▓▓▓▓▓▓▓▓▓▓▓▓          ┃G
  H┃                                                  ┃H
  I┃                                        ▓▓▓▓▓     ┃I
  J┃▓▓▓▓▓▓▓▓▓▓                              ▓▓▓▓▓▓▓▓▓▓┃J
   └——————————————————————————————————————————————————┘
      1    2    3    4    5    6    7    8    9   10  

Command > [DEBUG] Executing: 

Number of cycles: 11
Lemmings in board: 1
Dead lemmings: 1
Lemmings exit door: 2 ┃2

      1    2    3    4    5    6    7    8    9   10  
   ┌——————————————————————————————————————————————————┐
  A┃                                                  ┃A
  B┃                                        ▓▓▓▓▓▓▓▓▓▓┃B
  C┃                                                  ┃C
  D┃                                                  ┃D
  E┃          ▓▓▓▓▓▓▓▓▓▓                              ┃E
  F┃                     ᗺ🚪           ▓▓▓▓▓          ┃F
  G┃                    ▓▓▓▓▓▓▓▓▓▓▓▓▓▓▓▓▓▓▓▓          ┃G
  H┃                                                  ┃H
  I┃                                        ▓▓▓▓▓     ┃I
  J┃▓▓▓▓▓▓▓▓▓▓                              ▓▓▓▓▓▓▓▓▓▓┃J
   └——————————————————————————————————————————————————┘
      1    2    3    4    5    6    7    8    9   10  

Command > [DEBUG] Executing: nonE

Number of cycles: 12
Lemmings in board: 0
Dead lemmings: 1
Lemmings exit door: 3 ┃2

      1    2    3    4    5    6    7    8    9   10  
   ┌——————————————————————————————————————————————————┐
  A┃                                                  ┃A
  B┃                                        ▓▓▓▓▓▓▓▓▓▓┃B
  C┃                                                  ┃C
  D┃                                                  ┃D
  E┃          ▓▓▓▓▓▓▓▓▓▓                              ┃E
  F┃                     🚪            ▓▓▓▓▓          ┃F
  G┃                    ▓▓▓▓▓▓▓▓▓▓▓▓▓▓▓▓▓▓▓▓          ┃G
  H┃                                                  ┃H
  I┃                                        ▓▓▓▓▓     ┃I
  J┃▓▓▓▓▓▓▓▓▓▓                              ▓▓▓▓▓▓▓▓▓▓┃J
   └——————————————————————————————————————————————————┘
      1    2    3    4    5    6    7    8    9   10  

Player wins!
