Lemmings 3.0

Number of cycles: 0
Lemmings in board: 4
Dead lemmings: 0
Lemmings exit door: 0 ┃2

      1    2    3    4    5    6    7    8    9   10  
   ┌——————————————————————————————————————————————————┐
  A┃                                               B  ┃A
  B┃                                        ▓▓▓▓▓▓▓▓▓▓┃B
  C┃                                                  ┃C
  D┃            B    B                                ┃D
  E┃          ▓▓▓▓▓▓▓▓▓▓▓▓▓▓▓                         ┃E
  F┃                     🚪            ▓▓▓▓▓          ┃F
  G┃                    ▓▓▓▓▓▓▓▓▓▓▓▓▓▓▓▓▓▓▓▓          ┃G
  H┃                                                  ┃H
  I┃  B                                     ▓▓▓▓▓     ┃I
  J┃▓▓▓▓▓▓▓▓▓▓                              ▓▓▓▓▓▓▓▓▓▓┃J
   └——————————————————————————————————————————————————┘
      1    2    3    4    5    6    7    8    9   10  

Command > [DEBUG] Executing: load conf_0

Number of cycles: 0
Lemmings in board: 4
Dead lemmings: 0
Lemmings exit door: 0 ┃4

      1    2    3    4    5    6    7    8    9   10  
   ┌——————————————————————————————————————————————————┐
  A┃  B         B                                  B  ┃A
  B┃▓▓▓▓▓▓▓▓▓▓▓▓▓▓▓▓▓▓▓▓XXXXX▓▓▓▓▓▓▓▓▓▓▓▓▓▓▓▓▓▓▓▓▓▓▓▓▓┃B
  C┃▓▓▓▓▓▓▓▓▓▓▓▓▓▓▓▓▓▓▓▓▓▓▓▓▓▓▓▓▓▓▓▓▓▓▓▓▓▓▓▓▓▓▓▓▓▓▓▓▓▓┃C
  D┃            B                                     ┃D
  E┃     ▓▓▓▓▓                                        ┃E
  F┃                                                  ┃F
  G┃          ▓▓▓▓▓▓▓▓▓▓▓▓▓▓▓     XXXXX     ▓▓▓▓▓     ┃G
  H┃                     🚪            ▓▓▓▓▓          ┃H
  I┃                    ▓▓▓▓▓▓▓▓▓▓▓▓▓▓▓XXXXX▓▓▓▓▓     ┃I
  J┃▓▓▓▓▓▓▓▓▓▓                              ▓▓▓▓▓▓▓▓▓▓┃J
   └——————————————————————————————————————————————————┘
      1    2    3    4    5    6    7    8    9   10  

Command > [DEBUG] Executing: none

Number of cycles: 1
Lemmings in board: 4
Dead lemmings: 0
Lemmings exit door: 0 ┃4

      1    2    3    4    5    6    7    8    9   10  
   ┌——————————————————————————————————————————————————┐
  A┃       B         B                             ᗺ  ┃A
  B┃▓▓▓▓▓▓▓▓▓▓▓▓▓▓▓▓▓▓▓▓XXXXX▓▓▓▓▓▓▓▓▓▓▓▓▓▓▓▓▓▓▓▓▓▓▓▓▓┃B
  C┃▓▓▓▓▓▓▓▓▓▓▓▓▓▓▓▓▓▓▓▓▓▓▓▓▓▓▓▓▓▓▓▓▓▓▓▓▓▓▓▓▓▓▓▓▓▓▓▓▓▓┃C
  D┃                                                  ┃D
  E┃     ▓▓▓▓▓  B                                     ┃E
  F┃                                                  ┃F
  G┃          ▓▓▓▓▓▓▓▓▓▓▓▓▓▓▓     XXXXX     ▓▓▓▓▓     ┃G
  H┃                     🚪            ▓▓▓▓▓          ┃H
  I┃                    ▓▓▓▓▓▓▓▓▓▓▓▓▓▓▓XXXXX▓▓▓▓▓     ┃I
  J┃▓▓▓▓▓▓▓▓▓▓                              ▓▓▓▓▓▓▓▓▓▓┃J
   └——————————————————————————————————————————————————┘
      1    2    3    4    5    6    7    8    9   10  

Command > [DEBUG] Executing: setRole DownCaver A 2

Number of cycles: 2
Lemmings in board: 4
Dead lemmings: 0
Lemmings exit door: 0 ┃4

      1    2    3    4    5    6    7    8    9   10  
   ┌——————————————————————————————————————————————————┐
  A┃                      B                   ᗺ       ┃A
  B┃▓▓▓▓▓´･ω･`▓▓▓▓▓▓▓▓▓▓XXXXX▓▓▓▓▓▓▓▓▓▓▓▓▓▓▓▓▓▓▓▓▓▓▓▓▓┃B
  C┃▓▓▓▓▓▓▓▓▓▓▓▓▓▓▓▓▓▓▓▓▓▓▓▓▓▓▓▓▓▓▓▓▓▓▓▓▓▓▓▓▓▓▓▓▓▓▓▓▓▓┃C
  D┃                                                  ┃D
  E┃     ▓▓▓▓▓                                        ┃E
  F┃            B                                     ┃F
  G┃          ▓▓▓▓▓▓▓▓▓▓▓▓▓▓▓     XXXXX     ▓▓▓▓▓     ┃G
  H┃                     🚪            ▓▓▓▓▓          ┃H
  I┃                    ▓▓▓▓▓▓▓▓▓▓▓▓▓▓▓XXXXX▓▓▓▓▓     ┃I
  J┃▓▓▓▓▓▓▓▓▓▓                              ▓▓▓▓▓▓▓▓▓▓┃J
   └——————————————————————————————————————————————————┘
      1    2    3    4    5    6    7    8    9   10  

Command > [DEBUG] Executing: none

Number of cycles: 3
Lemmings in board: 4
Dead lemmings: 0
Lemmings exit door: 0 ┃4

      1    2    3    4    5    6    7    8    9   10  
   ┌——————————————————————————————————————————————————┐
  A┃                           B         ᗺ            ┃A
  B┃▓▓▓▓▓     ▓▓▓▓▓▓▓▓▓▓XXXXX▓▓▓▓▓▓▓▓▓▓▓▓▓▓▓▓▓▓▓▓▓▓▓▓▓┃B
  C┃▓▓▓▓▓´･ω･`▓▓▓▓▓▓▓▓▓▓▓▓▓▓▓▓▓▓▓▓▓▓▓▓▓▓▓▓▓▓▓▓▓▓▓▓▓▓▓▓┃C
  D┃                                                  ┃D
  E┃     ▓▓▓▓▓                                        ┃E
  F┃                 B                                ┃F
  G┃          ▓▓▓▓▓▓▓▓▓▓▓▓▓▓▓     XXXXX     ▓▓▓▓▓     ┃G
  H┃                     🚪            ▓▓▓▓▓          ┃H
  I┃                    ▓▓▓▓▓▓▓▓▓▓▓▓▓▓▓XXXXX▓▓▓▓▓     ┃I
  J┃▓▓▓▓▓▓▓▓▓▓                              ▓▓▓▓▓▓▓▓▓▓┃J
   └——————————————————————————————————————————————————┘
      1    2    3    4    5    6    7    8    9   10  

Command > [DEBUG] Executing: n

Number of cycles: 4
Lemmings in board: 4
Dead lemmings: 0
Lemmings exit door: 0 ┃4

      1    2    3    4    5    6    7    8    9   10  
   ┌——————————————————————————————————————————————————┐
  A┃                               ᗺB                 ┃A
  B┃▓▓▓▓▓     ▓▓▓▓▓▓▓▓▓▓XXXXX▓▓▓▓▓▓▓▓▓▓▓▓▓▓▓▓▓▓▓▓▓▓▓▓▓┃B
  C┃▓▓▓▓▓     ▓▓▓▓▓▓▓▓▓▓▓▓▓▓▓▓▓▓▓▓▓▓▓▓▓▓▓▓▓▓▓▓▓▓▓▓▓▓▓▓┃C
  D┃       B                                          ┃D
  E┃     ▓▓▓▓▓                                        ┃E
  F┃                      B                           ┃F
  G┃          ▓▓▓▓▓▓▓▓▓▓▓▓▓▓▓     XXXXX     ▓▓▓▓▓     ┃G
  H┃                     🚪            ▓▓▓▓▓          ┃H
  I┃                    ▓▓▓▓▓▓▓▓▓▓▓▓▓▓▓XXXXX▓▓▓▓▓     ┃I
  J┃▓▓▓▓▓▓▓▓▓▓                              ▓▓▓▓▓▓▓▓▓▓┃J
   └——————————————————————————————————————————————————┘
      1    2    3    4    5    6    7    8    9   10  

Command > [DEBUG] Executing: none

Number of cycles: 5
Lemmings in board: 4
Dead lemmings: 0
Lemmings exit door: 0 ┃4

      1    2    3    4    5    6    7    8    9   10  
   ┌——————————————————————————————————————————————————┐
  A┃                           ᗺ         B            ┃A
  B┃▓▓▓▓▓     ▓▓▓▓▓▓▓▓▓▓XXXXX▓▓▓▓▓▓▓▓▓▓▓▓▓▓▓▓▓▓▓▓▓▓▓▓▓┃B
  C┃▓▓▓▓▓     ▓▓▓▓▓▓▓▓▓▓▓▓▓▓▓▓▓▓▓▓▓▓▓▓▓▓▓▓▓▓▓▓▓▓▓▓▓▓▓▓┃C
  D┃            B                                     ┃D
  E┃     ▓▓▓▓▓                                        ┃E
  F┃                           B                      ┃F
  G┃          ▓▓▓▓▓▓▓▓▓▓▓▓▓▓▓     XXXXX     ▓▓▓▓▓     ┃G
  H┃                     🚪            ▓▓▓▓▓          ┃H
  I┃                    ▓▓▓▓▓▓▓▓▓▓▓▓▓▓▓XXXXX▓▓▓▓▓     ┃I
  J┃▓▓▓▓▓▓▓▓▓▓                              ▓▓▓▓▓▓▓▓▓▓┃J
   └——————————————————————————————————————————————————┘
      1    2    3    4    5    6    7    8    9   10  

Command > [DEBUG] Executing: setRole DownCaver A 7

[ERROR] Error: No lemming in position (0,6) admits role DownCaver

Command > [DEBUG] Executing: setRole DownCaver A 8

Number of cycles: 6
Lemmings in board: 4
Dead lemmings: 0
Lemmings exit door: 0 ┃4

      1    2    3    4    5    6    7    8    9   10  
   ┌——————————————————————————————————————————————————┐
  A┃                      ᗺ                           ┃A
  B┃▓▓▓▓▓     ▓▓▓▓▓▓▓▓▓▓XXXXX▓▓▓▓▓▓▓▓▓▓´･ω･`▓▓▓▓▓▓▓▓▓▓┃B
  C┃▓▓▓▓▓     ▓▓▓▓▓▓▓▓▓▓▓▓▓▓▓▓▓▓▓▓▓▓▓▓▓▓▓▓▓▓▓▓▓▓▓▓▓▓▓▓┃C
  D┃                                                  ┃D
  E┃     ▓▓▓▓▓  B                                     ┃E
  F┃                                                  ┃F
  G┃          ▓▓▓▓▓▓▓▓▓▓▓▓▓▓▓  B  XXXXX     ▓▓▓▓▓     ┃G
  H┃                     🚪            ▓▓▓▓▓          ┃H
  I┃                    ▓▓▓▓▓▓▓▓▓▓▓▓▓▓▓XXXXX▓▓▓▓▓     ┃I
  J┃▓▓▓▓▓▓▓▓▓▓                              ▓▓▓▓▓▓▓▓▓▓┃J
   └——————————————————————————————————————————————————┘
      1    2    3    4    5    6    7    8    9   10  

Command > [DEBUG] Executing: setRole DownCaver B 8

[ERROR] Error: No lemming in position (1,7) admits role DownCaver

Command > [DEBUG] Executing: setRole DownCaver A 5

Number of cycles: 7
Lemmings in board: 4
Dead lemmings: 0
Lemmings exit door: 0 ┃4

      1    2    3    4    5    6    7    8    9   10  
   ┌——————————————————————————————————————————————————┐
  A┃                 ᗺ                                ┃A
  B┃▓▓▓▓▓     ▓▓▓▓▓▓▓▓▓▓XXXXX▓▓▓▓▓▓▓▓▓▓     ▓▓▓▓▓▓▓▓▓▓┃B
  C┃▓▓▓▓▓     ▓▓▓▓▓▓▓▓▓▓▓▓▓▓▓▓▓▓▓▓▓▓▓▓▓´･ω･`▓▓▓▓▓▓▓▓▓▓┃C
  D┃                                                  ┃D
  E┃     ▓▓▓▓▓                                        ┃E
  F┃            B                                     ┃F
  G┃          ▓▓▓▓▓▓▓▓▓▓▓▓▓▓▓     XXXXX     ▓▓▓▓▓     ┃G
  H┃                     🚪    B       ▓▓▓▓▓          ┃H
  I┃                    ▓▓▓▓▓▓▓▓▓▓▓▓▓▓▓XXXXX▓▓▓▓▓     ┃I
  J┃▓▓▓▓▓▓▓▓▓▓                              ▓▓▓▓▓▓▓▓▓▓┃J
   └——————————————————————————————————————————————————┘
      1    2    3    4    5    6    7    8    9   10  

Command > [DEBUG] Executing: none

Number of cycles: 8
Lemmings in board: 4
Dead lemmings: 0
Lemmings exit door: 0 ┃4

      1    2    3    4    5    6    7    8    9   10  
   ┌——————————————————————————————————————————————————┐
  A┃            ᗺ                                     ┃A
  B┃▓▓▓▓▓     ▓▓▓▓▓▓▓▓▓▓XXXXX▓▓▓▓▓▓▓▓▓▓     ▓▓▓▓▓▓▓▓▓▓┃B
  C┃▓▓▓▓▓     ▓▓▓▓▓▓▓▓▓▓▓▓▓▓▓▓▓▓▓▓▓▓▓▓▓     ▓▓▓▓▓▓▓▓▓▓┃C
  D┃                                     B            ┃D
  E┃     ▓▓▓▓▓                                        ┃E
  F┃                 B                                ┃F
  G┃          ▓▓▓▓▓▓▓▓▓▓▓▓▓▓▓     XXXXX     ▓▓▓▓▓     ┃G
  H┃                     🚪         B  ▓▓▓▓▓          ┃H
  I┃                    ▓▓▓▓▓▓▓▓▓▓▓▓▓▓▓XXXXX▓▓▓▓▓     ┃I
  J┃▓▓▓▓▓▓▓▓▓▓                              ▓▓▓▓▓▓▓▓▓▓┃J
   └——————————————————————————————————————————————————┘
      1    2    3    4    5    6    7    8    9   10  

Command > [DEBUG] Executing: n

Number of cycles: 9
Lemmings in board: 4
Dead lemmings: 0
Lemmings exit door: 0 ┃4

      1    2    3    4    5    6    7    8    9   10  
   ┌——————————————————————————————————————————————————┐
  A┃       ᗺ                                          ┃A
  B┃▓▓▓▓▓     ▓▓▓▓▓▓▓▓▓▓XXXXX▓▓▓▓▓▓▓▓▓▓     ▓▓▓▓▓▓▓▓▓▓┃B
  C┃▓▓▓▓▓     ▓▓▓▓▓▓▓▓▓▓▓▓▓▓▓▓▓▓▓▓▓▓▓▓▓     ▓▓▓▓▓▓▓▓▓▓┃C
  D┃                                                  ┃D
  E┃     ▓▓▓▓▓                           B            ┃E
  F┃                      B                           ┃F
  G┃          ▓▓▓▓▓▓▓▓▓▓▓▓▓▓▓     XXXXX     ▓▓▓▓▓     ┃G
  H┃                     🚪         ᗺ  ▓▓▓▓▓          ┃H
  I┃                    ▓▓▓▓▓▓▓▓▓▓▓▓▓▓▓XXXXX▓▓▓▓▓     ┃I
  J┃▓▓▓▓▓▓▓▓▓▓                              ▓▓▓▓▓▓▓▓▓▓┃J
   └——————————————————————————————————————————————————┘
      1    2    3    4    5    6    7    8    9   10  

Command > [DEBUG] Executing: none

Number of cycles: 10
Lemmings in board: 4
Dead lemmings: 0
Lemmings exit door: 0 ┃4

      1    2    3    4    5    6    7    8    9   10  
   ┌——————————————————————————————————————————————————┐
  A┃                                                  ┃A
  B┃▓▓▓▓▓  ᗺ  ▓▓▓▓▓▓▓▓▓▓XXXXX▓▓▓▓▓▓▓▓▓▓     ▓▓▓▓▓▓▓▓▓▓┃B
  C┃▓▓▓▓▓     ▓▓▓▓▓▓▓▓▓▓▓▓▓▓▓▓▓▓▓▓▓▓▓▓▓     ▓▓▓▓▓▓▓▓▓▓┃C
  D┃                                                  ┃D
  E┃     ▓▓▓▓▓                                        ┃E
  F┃                           B         B            ┃F
  G┃          ▓▓▓▓▓▓▓▓▓▓▓▓▓▓▓     XXXXX     ▓▓▓▓▓     ┃G
  H┃                     🚪    ᗺ       ▓▓▓▓▓          ┃H
  I┃                    ▓▓▓▓▓▓▓▓▓▓▓▓▓▓▓XXXXX▓▓▓▓▓     ┃I
  J┃▓▓▓▓▓▓▓▓▓▓                              ▓▓▓▓▓▓▓▓▓▓┃J
   └——————————————————————————————————————————————————┘
      1    2    3    4    5    6    7    8    9   10  

Command > [DEBUG] Executing: setRole Parachuter B 2

Number of cycles: 11
Lemmings in board: 4
Dead lemmings: 0
Lemmings exit door: 0 ┃4

      1    2    3    4    5    6    7    8    9   10  
   ┌——————————————————————————————————————————————————┐
  A┃                                                  ┃A
  B┃▓▓▓▓▓     ▓▓▓▓▓▓▓▓▓▓XXXXX▓▓▓▓▓▓▓▓▓▓     ▓▓▓▓▓▓▓▓▓▓┃B
  C┃▓▓▓▓▓ 🪂  ▓▓▓▓▓▓▓▓▓▓▓▓▓▓▓▓▓▓▓▓▓▓▓▓▓     ▓▓▓▓▓▓▓▓▓▓┃C
  D┃                                                  ┃D
  E┃     ▓▓▓▓▓                                        ┃E
  F┃                                                  ┃F
  G┃          ▓▓▓▓▓▓▓▓▓▓▓▓▓▓▓  B  XXXXX  B  ▓▓▓▓▓     ┃G
  H┃                     ᗺ🚪           ▓▓▓▓▓          ┃H
  I┃                    ▓▓▓▓▓▓▓▓▓▓▓▓▓▓▓XXXXX▓▓▓▓▓     ┃I
  J┃▓▓▓▓▓▓▓▓▓▓                              ▓▓▓▓▓▓▓▓▓▓┃J
   └——————————————————————————————————————————————————┘
      1    2    3    4    5    6    7    8    9   10  

Command > [DEBUG] Executing: setRole Parachuter G 8

Number of cycles: 12
Lemmings in board: 3
Dead lemmings: 0
Lemmings exit door: 1 ┃4

      1    2    3    4    5    6    7    8    9   10  
   ┌——————————————————————————————————————————————————┐
  A┃                                                  ┃A
  B┃▓▓▓▓▓     ▓▓▓▓▓▓▓▓▓▓XXXXX▓▓▓▓▓▓▓▓▓▓     ▓▓▓▓▓▓▓▓▓▓┃B
  C┃▓▓▓▓▓     ▓▓▓▓▓▓▓▓▓▓▓▓▓▓▓▓▓▓▓▓▓▓▓▓▓     ▓▓▓▓▓▓▓▓▓▓┃C
  D┃      🪂                                          ┃D
  E┃     ▓▓▓▓▓                                        ┃E
  F┃                                                  ┃F
  G┃          ▓▓▓▓▓▓▓▓▓▓▓▓▓▓▓     XXXXX  ᗺ  ▓▓▓▓▓     ┃G
  H┃                     🚪    B       ▓▓▓▓▓          ┃H
  I┃                    ▓▓▓▓▓▓▓▓▓▓▓▓▓▓▓XXXXX▓▓▓▓▓     ┃I
  J┃▓▓▓▓▓▓▓▓▓▓                              ▓▓▓▓▓▓▓▓▓▓┃J
   └——————————————————————————————————————————————————┘
      1    2    3    4    5    6    7    8    9   10  

Command > [DEBUG] Executing: n

Number of cycles: 13
Lemmings in board: 3
Dead lemmings: 0
Lemmings exit door: 1 ┃4

      1    2    3    4    5    6    7    8    9   10  
   ┌——————————————————————————————————————————————————┐
  A┃                                                  ┃A
  B┃▓▓▓▓▓     ▓▓▓▓▓▓▓▓▓▓XXXXX▓▓▓▓▓▓▓▓▓▓     ▓▓▓▓▓▓▓▓▓▓┃B
  C┃▓▓▓▓▓     ▓▓▓▓▓▓▓▓▓▓▓▓▓▓▓▓▓▓▓▓▓▓▓▓▓     ▓▓▓▓▓▓▓▓▓▓┃C
  D┃  ᗺ                                               ┃D
  E┃     ▓▓▓▓▓                                        ┃E
  F┃                                                  ┃F
  G┃          ▓▓▓▓▓▓▓▓▓▓▓▓▓▓▓     XXXXX  B  ▓▓▓▓▓     ┃G
  H┃                     🚪         B  ▓▓▓▓▓          ┃H
  I┃                    ▓▓▓▓▓▓▓▓▓▓▓▓▓▓▓XXXXX▓▓▓▓▓     ┃I
  J┃▓▓▓▓▓▓▓▓▓▓                              ▓▓▓▓▓▓▓▓▓▓┃J
   └——————————————————————————————————————————————————┘
      1    2    3    4    5    6    7    8    9   10  

Command > [DEBUG] Executing: none

Number of cycles: 14
Lemmings in board: 3
Dead lemmings: 0
Lemmings exit door: 1 ┃4

      1    2    3    4    5    6    7    8    9   10  
   ┌——————————————————————————————————————————————————┐
  A┃                                                  ┃A
  B┃▓▓▓▓▓     ▓▓▓▓▓▓▓▓▓▓XXXXX▓▓▓▓▓▓▓▓▓▓     ▓▓▓▓▓▓▓▓▓▓┃B
  C┃▓▓▓▓▓     ▓▓▓▓▓▓▓▓▓▓▓▓▓▓▓▓▓▓▓▓▓▓▓▓▓     ▓▓▓▓▓▓▓▓▓▓┃C
  D┃                                                  ┃D
  E┃  ᗺ  ▓▓▓▓▓                                        ┃E
  F┃                                                  ┃F
  G┃          ▓▓▓▓▓▓▓▓▓▓▓▓▓▓▓     XXXXX  ᗺ  ▓▓▓▓▓     ┃G
  H┃                     🚪         ᗺ  ▓▓▓▓▓          ┃H
  I┃                    ▓▓▓▓▓▓▓▓▓▓▓▓▓▓▓XXXXX▓▓▓▓▓     ┃I
  J┃▓▓▓▓▓▓▓▓▓▓                              ▓▓▓▓▓▓▓▓▓▓┃J
   └——————————————————————————————————————————————————┘
      1    2    3    4    5    6    7    8    9   10  

Command > [DEBUG] Executing: setRole DownCaver G 8

Number of cycles: 15
Lemmings in board: 3
Dead lemmings: 0
Lemmings exit door: 1 ┃4

      1    2    3    4    5    6    7    8    9   10  
   ┌——————————————————————————————————————————————————┐
  A┃                                                  ┃A
  B┃▓▓▓▓▓     ▓▓▓▓▓▓▓▓▓▓XXXXX▓▓▓▓▓▓▓▓▓▓     ▓▓▓▓▓▓▓▓▓▓┃B
  C┃▓▓▓▓▓     ▓▓▓▓▓▓▓▓▓▓▓▓▓▓▓▓▓▓▓▓▓▓▓▓▓     ▓▓▓▓▓▓▓▓▓▓┃C
  D┃                                                  ┃D
  E┃     ▓▓▓▓▓                                        ┃E
  F┃  ᗺ                                               ┃F
  G┃          ▓▓▓▓▓▓▓▓▓▓▓▓▓▓▓     XXXXX     ▓▓▓▓▓     ┃G
  H┃                     🚪    ᗺ       ´･ω･`          ┃H
  I┃                    ▓▓▓▓▓▓▓▓▓▓▓▓▓▓▓XXXXX▓▓▓▓▓     ┃I
  J┃▓▓▓▓▓▓▓▓▓▓                              ▓▓▓▓▓▓▓▓▓▓┃J
   └——————————————————————————————————————————————————┘
      1    2    3    4    5    6    7    8    9   10  

Command > [DEBUG] Executing: n

Number of cycles: 16
Lemmings in board: 3
Dead lemmings: 0
Lemmings exit door: 1 ┃4

      1    2    3    4    5    6    7    8    9   10  
   ┌——————————————————————————————————————————————————┐
  A┃                                                  ┃A
  B┃▓▓▓▓▓     ▓▓▓▓▓▓▓▓▓▓XXXXX▓▓▓▓▓▓▓▓▓▓     ▓▓▓▓▓▓▓▓▓▓┃B
  C┃▓▓▓▓▓     ▓▓▓▓▓▓▓▓▓▓▓▓▓▓▓▓▓▓▓▓▓▓▓▓▓     ▓▓▓▓▓▓▓▓▓▓┃C
  D┃                                                  ┃D
  E┃     ▓▓▓▓▓                                        ┃E
  F┃                                                  ┃F
  G┃  ᗺ       ▓▓▓▓▓▓▓▓▓▓▓▓▓▓▓     XXXXX     ▓▓▓▓▓     ┃G
  H┃                     ᗺ🚪        ᗺ                 ┃H
  I┃                    ▓▓▓▓▓▓▓▓▓▓▓▓▓▓▓XXXXX▓▓▓▓▓     ┃I
  J┃▓▓▓▓▓▓▓▓▓▓                              ▓▓▓▓▓▓▓▓▓▓┃J
   └——————————————————————————————————————————————————┘
      1    2    3    4    5    6    7    8    9   10  

Command > [DEBUG] Executing: 

Number of cycles: 17
Lemmings in board: 2
Dead lemmings: 0
Lemmings exit door: 2 ┃4

      1    2    3    4    5    6    7    8    9   10  
   ┌——————————————————————————————————————————————————┐
  A┃                                                  ┃A
  B┃▓▓▓▓▓     ▓▓▓▓▓▓▓▓▓▓XXXXX▓▓▓▓▓▓▓▓▓▓     ▓▓▓▓▓▓▓▓▓▓┃B
  C┃▓▓▓▓▓     ▓▓▓▓▓▓▓▓▓▓▓▓▓▓▓▓▓▓▓▓▓▓▓▓▓     ▓▓▓▓▓▓▓▓▓▓┃C
  D┃                                                  ┃D
  E┃     ▓▓▓▓▓                                        ┃E
  F┃                                                  ┃F
  G┃          ▓▓▓▓▓▓▓▓▓▓▓▓▓▓▓     XXXXX     ▓▓▓▓▓     ┃G
  H┃  ᗺ                  🚪    ᗺ                      ┃H
  I┃                    ▓▓▓▓▓▓▓▓▓▓▓▓▓▓▓XXXXX▓▓▓▓▓     ┃I
  J┃▓▓▓▓▓▓▓▓▓▓                              ▓▓▓▓▓▓▓▓▓▓┃J
   └——————————————————————————————————————————————————┘
      1    2    3    4    5    6    7    8    9   10  

Command > [DEBUG] Executing: none

Number of cycles: 18
Lemmings in board: 2
Dead lemmings: 0
Lemmings exit door: 2 ┃4

      1    2    3    4    5    6    7    8    9   10  
   ┌——————————————————————————————————————————————————┐
  A┃                                                  ┃A
  B┃▓▓▓▓▓     ▓▓▓▓▓▓▓▓▓▓XXXXX▓▓▓▓▓▓▓▓▓▓     ▓▓▓▓▓▓▓▓▓▓┃B
  C┃▓▓▓▓▓     ▓▓▓▓▓▓▓▓▓▓▓▓▓▓▓▓▓▓▓▓▓▓▓▓▓     ▓▓▓▓▓▓▓▓▓▓┃C
  D┃                                                  ┃D
  E┃     ▓▓▓▓▓                                        ┃E
  F┃                                                  ┃F
  G┃          ▓▓▓▓▓▓▓▓▓▓▓▓▓▓▓     XXXXX     ▓▓▓▓▓     ┃G
  H┃                     ᗺ🚪                          ┃H
  I┃  ᗺ                 ▓▓▓▓▓▓▓▓▓▓▓▓▓▓▓XXXXX▓▓▓▓▓     ┃I
  J┃▓▓▓▓▓▓▓▓▓▓                              ▓▓▓▓▓▓▓▓▓▓┃J
   └——————————————————————————————————————————————————┘
      1    2    3    4    5    6    7    8    9   10  

Command > [DEBUG] Executing: n

Number of cycles: 19
Lemmings in board: 0
Dead lemmings: 1
Lemmings exit door: 3 ┃4

      1    2    3    4    5    6    7    8    9   10  
   ┌——————————————————————————————————————————————————┐
  A┃                                                  ┃A
  B┃▓▓▓▓▓     ▓▓▓▓▓▓▓▓▓▓XXXXX▓▓▓▓▓▓▓▓▓▓     ▓▓▓▓▓▓▓▓▓▓┃B
  C┃▓▓▓▓▓     ▓▓▓▓▓▓▓▓▓▓▓▓▓▓▓▓▓▓▓▓▓▓▓▓▓     ▓▓▓▓▓▓▓▓▓▓┃C
  D┃                                                  ┃D
  E┃     ▓▓▓▓▓                                        ┃E
  F┃                                                  ┃F
  G┃          ▓▓▓▓▓▓▓▓▓▓▓▓▓▓▓     XXXXX     ▓▓▓▓▓     ┃G
  H┃                     🚪                           ┃H
  I┃                    ▓▓▓▓▓▓▓▓▓▓▓▓▓▓▓XXXXX▓▓▓▓▓     ┃I
  J┃▓▓▓▓▓▓▓▓▓▓                              ▓▓▓▓▓▓▓▓▓▓┃J
   └——————————————————————————————————————————————————┘
      1    2    3    4    5    6    7    8    9   10  

Player lose...
