Lemmings 3.0

Number of cycles: 0
Lemmings in board: 4
Dead lemmings: 0
Lemmings exit door: 0 ┃2

      1    2    3    4    5    6    7    8    9   10  
   ┌——————————————————————————————————————————————————┐
  A┃                                               B  ┃A
  B┃                                        ▓▓▓▓▓▓▓▓▓▓┃B
  C┃                                                  ┃C
  D┃            B    B                                ┃D
  E┃          ▓▓▓▓▓▓▓▓▓▓▓▓▓▓▓                         ┃E
  F┃                     🚪            ▓▓▓▓▓          ┃F
  G┃                    ▓▓▓▓▓▓▓▓▓▓▓▓▓▓▓▓▓▓▓▓          ┃G
  H┃                                                  ┃H
  I┃  B                                     ▓▓▓▓▓     ┃I
  J┃▓▓▓▓▓▓▓▓▓▓                              ▓▓▓▓▓▓▓▓▓▓┃J
   └——————————————————————————————————————————————————┘
      1    2    3    4    5    6    7    8    9   10  

Command > [DEBUG] Executing: load conf_0

Number of cycles: 0
Lemmings in board: 4
Dead lemmings: 0
Lemmings exit door: 0 ┃4

      1    2    3    4    5    6    7    8    9   10  
   ┌——————————————————————————————————————————————————┐
  A┃  B         B                                  B  ┃A
  B┃▓▓▓▓▓▓▓▓▓▓▓▓▓▓▓▓▓▓▓▓XXXXX▓▓▓▓▓▓▓▓▓▓▓▓▓▓▓▓▓▓▓▓▓▓▓▓▓┃B
  C┃▓▓▓▓▓▓▓▓▓▓▓▓▓▓▓▓▓▓▓▓▓▓▓▓▓▓▓▓▓▓▓▓▓▓▓▓▓▓▓▓▓▓▓▓▓▓▓▓▓▓┃C
  D┃            B                                     ┃D
  E┃     ▓▓▓▓▓                                        ┃E
  F┃                                                  ┃F
  G┃          ▓▓▓▓▓▓▓▓▓▓▓▓▓▓▓     XXXXX     ▓▓▓▓▓     ┃G
  H┃                     🚪            ▓▓▓▓▓          ┃H
  I┃                    ▓▓▓▓▓▓▓▓▓▓▓▓▓▓▓XXXXX▓▓▓▓▓     ┃I
  J┃▓▓▓▓▓▓▓▓▓▓                              ▓▓▓▓▓▓▓▓▓▓┃J
   └——————————————————————————————————————————————————┘
      1    2    3    4    5    6    7    8    9   10  

Command > [DEBUG] Executing: none

Number of cycles: 1
Lemmings in board: 4
Dead lemmings: 0
Lemmings exit door: 0 ┃4

      1    2    3    4    5    6    7    8    9   10  
   ┌——————————————————————————————————————————————————┐
  A┃       B         B                             ᗺ  ┃A
  B┃▓▓▓▓▓▓▓▓▓▓▓▓▓▓▓▓▓▓▓▓XXXXX▓▓▓▓▓▓▓▓▓▓▓▓▓▓▓▓▓▓▓▓▓▓▓▓▓┃B
  C┃▓▓▓▓▓▓▓▓▓▓▓▓▓▓▓▓▓▓▓▓▓▓▓▓▓▓▓▓▓▓▓▓▓▓▓▓▓▓▓▓▓▓▓▓▓▓▓▓▓▓┃C
  D┃                                                  ┃D
  E┃     ▓▓▓▓▓  B                                     ┃E
  F┃                                                  ┃F
  G┃          ▓▓▓▓▓▓▓▓▓▓▓▓▓▓▓     XXXXX     ▓▓▓▓▓     ┃G
  H┃                     🚪            ▓▓▓▓▓          ┃H
  I┃                    ▓▓▓▓▓▓▓▓▓▓▓▓▓▓▓XXXXX▓▓▓▓▓     ┃I
  J┃▓▓▓▓▓▓▓▓▓▓                              ▓▓▓▓▓▓▓▓▓▓┃J
   └——————————————————————————————————————————————————┘
      1    2    3    4    5    6    7    8    9   10  

Command > [DEBUG] Executing: reset

Number of cycles: 0
Lemmings in board: 4
Dead lemmings: 0
Lemmings exit door: 0 ┃4

      1    2    3    4    5    6    7    8    9   10  
   ┌——————————————————————————————————————————————————┐
  A┃  B         B                                  B  ┃A
  B┃▓▓▓▓▓▓▓▓▓▓▓▓▓▓▓▓▓▓▓▓XXXXX▓▓▓▓▓▓▓▓▓▓▓▓▓▓▓▓▓▓▓▓▓▓▓▓▓┃B
  C┃▓▓▓▓▓▓▓▓▓▓▓▓▓▓▓▓▓▓▓▓▓▓▓▓▓▓▓▓▓▓▓▓▓▓▓▓▓▓▓▓▓▓▓▓▓▓▓▓▓▓┃C
  D┃            B                                     ┃D
  E┃     ▓▓▓▓▓                                        ┃E
  F┃                                                  ┃F
  G┃          ▓▓▓▓▓▓▓▓▓▓▓▓▓▓▓     XXXXX     ▓▓▓▓▓     ┃G
  H┃                     🚪            ▓▓▓▓▓          ┃H
  I┃                    ▓▓▓▓▓▓▓▓▓▓▓▓▓▓▓XXXXX▓▓▓▓▓     ┃I
  J┃▓▓▓▓▓▓▓▓▓▓                              ▓▓▓▓▓▓▓▓▓▓┃J
   └——————————————————————————————————————————————————┘
      1    2    3    4    5    6    7    8    9   10  

Command > [DEBUG] Executing: exit

Player leaves the game
