Lemmings 3.0

Number of cycles: 0
Lemmings in board: 6
Dead lemmings: 0
Lemmings exit door: 0 ┃2

      1    2    3    4    5    6    7    8    9   10  
   ┌——————————————————————————————————————————————————┐
  A┃                               B🪂             B  ┃A
  B┃                                        ▓▓▓▓▓▓▓▓▓▓┃B
  C┃                                                  ┃C
  D┃            B    B                                ┃D
  E┃          ▓▓▓▓▓▓▓▓▓▓▓▓▓▓▓                         ┃E
  F┃               ▓▓▓▓▓ 🚪            ▓▓▓▓▓          ┃F
  G┃               XXXXX▓▓▓▓▓▓▓▓▓▓▓▓▓▓▓▓▓▓▓▓          ┃G
  H┃                                                  ┃H
  I┃  B                                     ▓▓▓▓▓     ┃I
  J┃▓▓▓▓▓▓▓▓▓▓                              ▓▓▓▓▓▓▓▓▓▓┃J
   └——————————————————————————————————————————————————┘
      1    2    3    4    5    6    7    8    9   10  

Command > [DEBUG] Executing: setRole p a 7

[ERROR] Error: Command execute problem
[ERROR] Error: Position (32,6) is off board

Command > [DEBUG] Executing: setRole P B 7

[ERROR] Error: No lemming in position (1,6) admits role Parachuter

Command > [DEBUG] Executing: setRole w C 7

[ERROR] Error: No lemming in position (2,6) admits role Walker

Command > [DEBUG] Executing: setRole Dc D 4

Number of cycles: 1
Lemmings in board: 6
Dead lemmings: 0
Lemmings exit door: 0 ┃2

      1    2    3    4    5    6    7    8    9   10  
   ┌——————————————————————————————————————————————————┐
  A┃                                               ᗺ  ┃A
  B┃                               B🪂      ▓▓▓▓▓▓▓▓▓▓┃B
  C┃                                                  ┃C
  D┃                 B                                ┃D
  E┃          ▓▓▓▓▓´･ω･`▓▓▓▓▓                         ┃E
  F┃               ▓▓▓▓▓ 🚪            ▓▓▓▓▓          ┃F
  G┃               XXXXX▓▓▓▓▓▓▓▓▓▓▓▓▓▓▓▓▓▓▓▓          ┃G
  H┃                                                  ┃H
  I┃       B                                ▓▓▓▓▓     ┃I
  J┃▓▓▓▓▓▓▓▓▓▓                              ▓▓▓▓▓▓▓▓▓▓┃J
   └——————————————————————————————————————————————————┘
      1    2    3    4    5    6    7    8    9   10  

Command > [DEBUG] Executing: setRole DC E 4

[ERROR] Error: No lemming in position (4,3) admits role DownCaver

Command > [DEBUG] Executing: setRole waLker C 7

[ERROR] Error: No lemming in position (2,6) admits role Walker

Command > [DEBUG] Executing: setRole W C 7

[ERROR] Error: No lemming in position (2,6) admits role Walker

Command > [DEBUG] Executing: noNe

Number of cycles: 2
Lemmings in board: 6
Dead lemmings: 0
Lemmings exit door: 0 ┃2

      1    2    3    4    5    6    7    8    9   10  
   ┌——————————————————————————————————————————————————┐
  A┃                                          ᗺ       ┃A
  B┃                                        ▓▓▓▓▓▓▓▓▓▓┃B
  C┃                               B🪂                ┃C
  D┃                                                  ┃D
  E┃          ▓▓▓▓▓  B  ▓▓▓▓▓                         ┃E
  F┃               ´･ω･` 🚪            ▓▓▓▓▓          ┃F
  G┃               XXXXX▓▓▓▓▓▓▓▓▓▓▓▓▓▓▓▓▓▓▓▓          ┃G
  H┃                                                  ┃H
  I┃            B                           ▓▓▓▓▓     ┃I
  J┃▓▓▓▓▓▓▓▓▓▓                              ▓▓▓▓▓▓▓▓▓▓┃J
   └——————————————————————————————————————————————————┘
      1    2    3    4    5    6    7    8    9   10  

Command > [DEBUG] Executing: nOne

Number of cycles: 3
Lemmings in board: 6
Dead lemmings: 0
Lemmings exit door: 0 ┃2

      1    2    3    4    5    6    7    8    9   10  
   ┌——————————————————————————————————————————————————┐
  A┃                                     ᗺ            ┃A
  B┃                                        ▓▓▓▓▓▓▓▓▓▓┃B
  C┃                                                  ┃C
  D┃                               B🪂                ┃D
  E┃          ▓▓▓▓▓     ▓▓▓▓▓                         ┃E
  F┃                 B   🚪B           ▓▓▓▓▓          ┃F
  G┃               XXXXX▓▓▓▓▓▓▓▓▓▓▓▓▓▓▓▓▓▓▓▓          ┃G
  H┃                                                  ┃H
  I┃                                        ▓▓▓▓▓     ┃I
  J┃▓▓▓▓▓▓▓▓▓▓  B                           ▓▓▓▓▓▓▓▓▓▓┃J
   └——————————————————————————————————————————————————┘
      1    2    3    4    5    6    7    8    9   10  

Command > [DEBUG] Executing: n

Number of cycles: 4
Lemmings in board: 4
Dead lemmings: 1
Lemmings exit door: 1 ┃2

      1    2    3    4    5    6    7    8    9   10  
   ┌——————————————————————————————————————————————————┐
  A┃                                                  ┃A
  B┃                                     ᗺ  ▓▓▓▓▓▓▓▓▓▓┃B
  C┃                                                  ┃C
  D┃                                                  ┃D
  E┃          ▓▓▓▓▓     ▓▓▓▓▓      B🪂                ┃E
  F┃                     B🚪           ▓▓▓▓▓          ┃F
  G┃               XXXXX▓▓▓▓▓▓▓▓▓▓▓▓▓▓▓▓▓▓▓▓          ┃G
  H┃                                                  ┃H
  I┃                                        ▓▓▓▓▓     ┃I
  J┃▓▓▓▓▓▓▓▓▓▓                              ▓▓▓▓▓▓▓▓▓▓┃J
   └——————————————————————————————————————————————————┘
      1    2    3    4    5    6    7    8    9   10  

Command > [DEBUG] Executing: N

Number of cycles: 5
Lemmings in board: 3
Dead lemmings: 1
Lemmings exit door: 2 ┃2

      1    2    3    4    5    6    7    8    9   10  
   ┌——————————————————————————————————————————————————┐
  A┃                                                  ┃A
  B┃                                        ▓▓▓▓▓▓▓▓▓▓┃B
  C┃                                     ᗺ            ┃C
  D┃                                                  ┃D
  E┃          ▓▓▓▓▓     ▓▓▓▓▓                         ┃E
  F┃                     🚪        B🪂 ▓▓▓▓▓          ┃F
  G┃               XXXXX▓▓▓▓▓▓▓▓▓▓▓▓▓▓▓▓▓▓▓▓          ┃G
  H┃                                                  ┃H
  I┃                                        ▓▓▓▓▓     ┃I
  J┃▓▓▓▓▓▓▓▓▓▓                              ▓▓▓▓▓▓▓▓▓▓┃J
   └——————————————————————————————————————————————————┘
      1    2    3    4    5    6    7    8    9   10  

Command > [DEBUG] Executing: 

Number of cycles: 6
Lemmings in board: 2
Dead lemmings: 2
Lemmings exit door: 2 ┃2

      1    2    3    4    5    6    7    8    9   10  
   ┌——————————————————————————————————————————————————┐
  A┃                                                  ┃A
  B┃                                        ▓▓▓▓▓▓▓▓▓▓┃B
  C┃                                                  ┃C
  D┃                                     ᗺ            ┃D
  E┃          ▓▓▓▓▓     ▓▓▓▓▓                         ┃E
  F┃                     🚪         ᗺ  ▓▓▓▓▓          ┃F
  G┃               XXXXX▓▓▓▓▓▓▓▓▓▓▓▓▓▓▓▓▓▓▓▓          ┃G
  H┃                                                  ┃H
  I┃                                        ▓▓▓▓▓     ┃I
  J┃▓▓▓▓▓▓▓▓▓▓                              ▓▓▓▓▓▓▓▓▓▓┃J
   └——————————————————————————————————————————————————┘
      1    2    3    4    5    6    7    8    9   10  

Command > [DEBUG] Executing: None

Number of cycles: 7
Lemmings in board: 2
Dead lemmings: 2
Lemmings exit door: 2 ┃2

      1    2    3    4    5    6    7    8    9   10  
   ┌——————————————————————————————————————————————————┐
  A┃                                                  ┃A
  B┃                                        ▓▓▓▓▓▓▓▓▓▓┃B
  C┃                                                  ┃C
  D┃                                                  ┃D
  E┃          ▓▓▓▓▓     ▓▓▓▓▓            ᗺ            ┃E
  F┃                     🚪    ᗺ       ▓▓▓▓▓          ┃F
  G┃               XXXXX▓▓▓▓▓▓▓▓▓▓▓▓▓▓▓▓▓▓▓▓          ┃G
  H┃                                                  ┃H
  I┃                                        ▓▓▓▓▓     ┃I
  J┃▓▓▓▓▓▓▓▓▓▓                              ▓▓▓▓▓▓▓▓▓▓┃J
   └——————————————————————————————————————————————————┘
      1    2    3    4    5    6    7    8    9   10  

Command > [DEBUG] Executing: NOne

Number of cycles: 8
Lemmings in board: 1
Dead lemmings: 3
Lemmings exit door: 2 ┃2

      1    2    3    4    5    6    7    8    9   10  
   ┌——————————————————————————————————————————————————┐
  A┃                                                  ┃A
  B┃                                        ▓▓▓▓▓▓▓▓▓▓┃B
  C┃                                                  ┃C
  D┃                                                  ┃D
  E┃          ▓▓▓▓▓     ▓▓▓▓▓                         ┃E
  F┃                     🚪ᗺ           ▓▓▓▓▓          ┃F
  G┃               XXXXX▓▓▓▓▓▓▓▓▓▓▓▓▓▓▓▓▓▓▓▓          ┃G
  H┃                                                  ┃H
  I┃                                        ▓▓▓▓▓     ┃I
  J┃▓▓▓▓▓▓▓▓▓▓                              ▓▓▓▓▓▓▓▓▓▓┃J
   └——————————————————————————————————————————————————┘
      1    2    3    4    5    6    7    8    9   10  

Command > [DEBUG] Executing: noNE

Number of cycles: 9
Lemmings in board: 0
Dead lemmings: 3
Lemmings exit door: 3 ┃2

      1    2    3    4    5    6    7    8    9   10  
   ┌——————————————————————————————————————————————————┐
  A┃                                                  ┃A
  B┃                                        ▓▓▓▓▓▓▓▓▓▓┃B
  C┃                                                  ┃C
  D┃                                                  ┃D
  E┃          ▓▓▓▓▓     ▓▓▓▓▓                         ┃E
  F┃                     🚪            ▓▓▓▓▓          ┃F
  G┃               XXXXX▓▓▓▓▓▓▓▓▓▓▓▓▓▓▓▓▓▓▓▓          ┃G
  H┃                                                  ┃H
  I┃                                        ▓▓▓▓▓     ┃I
  J┃▓▓▓▓▓▓▓▓▓▓                              ▓▓▓▓▓▓▓▓▓▓┃J
   └——————————————————————————————————————————————————┘
      1    2    3    4    5    6    7    8    9   10  

Player wins!
